// Jest Snapshot v1, https://goo.gl/fbAQLP

exports[`renders correctly 1`] = `
<table
  className="mainContainer"
  style={Object {}}
>
  <tr>
    <th>
      Mission
    </th>
    <th>
      Description
    </th>
    <th>
      Status
    </th>
    <th>
       
    </th>
  </tr>
</table>
`;
